// Jest Snapshot v1, https://goo.gl/fbAQLP

exports[`redux-promised-state should throw an exception if "promise" is not a promise 1`] = `"Action property \\"promise\\" must be a promise or undefined"`;
